test/analyzer/bad_call_errors.c02:3:3:
  |
3 |   takes_two(1);
  |   ^
function 'takes_two' expects 2 argument(s), but 1 were provided

test/analyzer/bad_call_errors.c02:4:3:
  |
4 |   takes_two(1, 2, 3);
  |   ^
function 'takes_two' expects 2 argument(s), but 3 were provided

Semantic analysis failed with 2 errors.
