Program [] [StructDef (StructDecl {structName = "Pair", structFields = [(U8,0,"a"),(U8,0,"b")]}),FunctionDecl (FuncDecl {funcName = "first", funcReturnType = StructName "Pair", funcReturnPtrDepth = 1, isInterrupt = False, params = [(StructName "Pair",1,"p")], body = Just (Nested [Return (Just (IntLit 0))])}),FunctionDecl (FuncDecl {funcName = "main", funcReturnType = Void, funcReturnPtrDepth = 0, isInterrupt = False, params = [], body = Just (Nested [])})]
