TopLevels [StructDef (StructDecl {structName = "Inner", structFields = [(U8,0,"v")]}),StructDef (StructDecl {structName = "Outer", structFields = [(StructName "Inner",0,"in"),(U8,0,"z")]}),FunctionDecl (FuncDecl {funcName = "main", funcReturnType = Void, funcReturnPtrDepth = 0, isInterrupt = False, params = [], body = Just (Nested [LocVarDecl (VarDecl {varType = StructName "Outer", ptrDepth = 0, declName = "o", declInit = Nothing}),Assign (Field (Field (Var "o") "in") "v") Equals (IntLit 1),LocVarDecl (VarDecl {varType = U8, ptrDepth = 0, declName = "a", declInit = Just (Field (Var "o") "z")}),LocVarDecl (VarDecl {varType = StructName "Outer", ptrDepth = 1, declName = "op", declInit = Just (Unary AddressOf (Var "o"))}),Assign (Field (Var "op") "z") Equals (IntLit 2),LocVarDecl (VarDecl {varType = StructName "Outer", ptrDepth = 0, declName = "q", declInit = Just (StructInit "Outer" [("z",IntLit 3)])}),Return Nothing])})]
