[1;37manalyzer_bad_call_errors.c02[0m:[1;37m11[0m:[1;37m11: [1;31merror: [0m'not_a_fn' is not a function
[1;34m11 |[0m   not_a_fn();
[1;34m   |[1;31m           ^[0m
[1;37manalyzer_bad_call_errors.c02[0m:[1;37m14[0m:[1;37m12: [1;31merror: [0mfunction 'takes_two' expects 2 argument(s), but 1 were provided
[1;34m14 |[0m   takes_two(1);
[1;34m   |[1;31m            ^[0m
[1;37manalyzer_bad_call_errors.c02[0m:[1;37m15[0m:[1;37m12: [1;31merror: [0mfunction 'takes_two' expects 2 argument(s), but 3 were provided
[1;34m15 |[0m   takes_two(1, 2, 3);
[1;34m   |[1;31m            ^[0m
[1;37manalyzer_bad_call_errors.c02[0m:[1;37m19[0m:[1;37m12: [1;31merror: [0mtype mismatch in function call: expected u8, found u8*
[1;34m19 |[0m   takes_two(ptr, 1);
[1;34m   |[1;31m            ^[0m
[31m
Semantic analysis failed with [1;31m4[0m[31m errors.
[0m