[1;37manalyzer_bad_unknown_type.c02[0m:[1;37m6[0m:[1;37m1: [1;31merror: [0munknown struct 'Ghost'
[1;34m6 |[0m Ghost g;                          // global variable of unknown struct type
[1;34m  |[1;31m ^~~~~[0m
[1;37manalyzer_bad_unknown_type.c02[0m:[1;37m8[0m:[1;37m8: [1;31merror: [0munknown struct 'Ghost'
[1;34m8 |[0m struct Holder {
[1;34m  |[1;31m        ^~~~~~[0m
[1;37manalyzer_bad_unknown_type.c02[0m:[1;37m12[0m:[1;37m4: [1;31merror: [0munknown struct 'Ghost'
[1;34m12 |[0m fn returns_ghost() -> Ghost {     // function return type
[1;34m   |[1;31m    ^~~~~~~~~~~~~[0m
[1;37manalyzer_bad_unknown_type.c02[0m:[1;37m13[0m:[1;37m3: [1;31merror: [0munknown struct 'Ghost'
[1;34m13 |[0m   Ghost local;                    // local variable
[1;34m   |[1;31m   ^~~~~[0m
[1;37manalyzer_bad_unknown_type.c02[0m:[1;37m17[0m:[1;37m4: [1;31merror: [0munknown struct 'Ghost'
[1;34m17 |[0m fn takes_ghost(Ghost p) -> void { // parameter type
[1;34m   |[1;31m    ^~~~~~~~~~~[0m
[1;37manalyzer_bad_unknown_type.c02[0m:[1;37m22[0m:[1;37m3: [1;31merror: [0munknown struct 'Ghost'
[1;34m22 |[0m   Ghost g2;                       // unknown struct reported once here...
[1;34m   |[1;31m   ^~~~~[0m
[31m
Semantic analysis failed with [1;31m6[0m[31m errors.
[0m