`- TranslationUnitDecl
   |- ForwardDecl fn send_byte(u8 b) -> void
   |- ForwardDecl counter : u8
   |- FunctionDecl main() -> void
   |  `- CompoundStmt
   |- ForwardDecl __heap_start : u16
   |- ForwardDecl __memory_top : u16
   `- FunctionDecl __enable_interrupts() -> void
      `- CompoundStmt
         `- AsmBlockStmt CLI
