`- TranslationUnitDecl
   |- GlobalVarDecl global : u8
   |  `- IntegerLiteral (10)
   |- GlobalVarDecl signed_global : i8
   |  `- BinaryOperator /
   |     |- BinaryOperator *
   |     |  |- IntegerLiteral (8)
   |     |  `- IntegerLiteral (9)
   |     `- IntegerLiteral (6)
   |- GlobalVarDecl casted : u16
   |  `- CStyleCastExpr u16
   |     `- Identifier signed_global
   |- GlobalVarDecl grouped : i16
   |  `- BinaryOperator *
   |     |- BinaryOperator +
   |     |  |- IntegerLiteral (10)
   |     |  `- IntegerLiteral (59)
   |     `- BinaryOperator *
   |        |- IntegerLiteral (42)
   |        `- IntegerLiteral (10)
   |- GlobalVarDecl string : u8*
   |  `- StringLiteral "hello world"
   |- GlobalVarDecl global_ptr : u16*
   |  `- UnaryOperator &
   |     `- Identifier casted
   |- GlobalVarDecl double_ptr : u16**
   |  `- UnaryOperator &
   |     `- Identifier global_ptr
   |- GlobalVarDecl signed_global_ptr : i16*
   |- GlobalVarDecl void_ptr : void*
   |- GlobalVarDecl dereffed : u16
   |  `- PtrDeref *
   |     `- Identifier global_ptr
   |- FunctionDecl main() -> void
   |  `- CompoundStmt
   |- ForwardDecl __heap_start : u16
   `- ForwardDecl __memory_top : u16
