`- TranslationUnitDecl
   |- StructDecl Point {u8 x, u8 y}
   |- StructDecl Engine {u16 rpm, u8 cylinders}
   |- StructDecl Car {Engine engine, Point position, u8* tag}
   |- RegDecl PORTB : u8 @ 6002
   |- FunctionDecl main() -> void
   |  `- CompoundStmt
   |     |- VarDecl a : u8
   |     |  `- IntegerLiteral (10)
   |     |- AssignStmt
   |     |  |- [target]
   |     |  |  `- Identifier a
   |     |  `- [value]
   |     |     `- IntegerLiteral (20)
   |     |- AssignStmt
   |     |  |- [target]
   |     |  |  `- Identifier a
   |     |  `- [value]
   |     |     `- BinaryOperator +
   |     |        |- Identifier a
   |     |        `- IntegerLiteral (5)
   |     |- AssignStmt
   |     |  |- [target]
   |     |  |  `- Identifier a
   |     |  `- [value]
   |     |     `- BinaryOperator -
   |     |        |- Identifier a
   |     |        `- IntegerLiteral (1)
   |     |- AssignStmt
   |     |  |- [target]
   |     |  |  `- Identifier a
   |     |  `- [value]
   |     |     `- BinaryOperator *
   |     |        |- Identifier a
   |     |        `- IntegerLiteral (2)
   |     |- AssignStmt
   |     |  |- [target]
   |     |  |  `- Identifier a
   |     |  `- [value]
   |     |     `- BinaryOperator /
   |     |        |- Identifier a
   |     |        `- IntegerLiteral (4)
   |     |- AssignStmt
   |     |  |- [target]
   |     |  |  `- Identifier a
   |     |  `- [value]
   |     |     `- BinaryOperator %
   |     |        |- Identifier a
   |     |        `- IntegerLiteral (3)
   |     |- VarDecl p : Point
   |     |  `- StructInitExpr Point
   |     |- VarDecl p1 : Point
   |     |  `- StructInitExpr Point
   |     |     |- [.x]
   |     |     |  `- Identifier a
   |     |     `- [.y]
   |     |        `- IntegerLiteral (0)
   |     |- VarDecl px : u8
   |     |  `- FieldAccess .x
   |     |     `- Identifier p1
   |     |- AssignStmt
   |     |  |- [target]
   |     |  |  `- FieldAccess .x
   |     |  |     `- Identifier p
   |     |  `- [value]
   |     |     `- IntegerLiteral (10)
   |     |- AssignStmt
   |     |  |- [target]
   |     |  |  `- FieldAccess .y
   |     |  |     `- Identifier p
   |     |  `- [value]
   |     |     `- IntegerLiteral (20)
   |     |- AssignStmt
   |     |  |- [target]
   |     |  |  `- FieldAccess .x
   |     |  |     `- Identifier p
   |     |  `- [value]
   |     |     `- BinaryOperator +
   |     |        |- FieldAccess .x
   |     |        |  `- Identifier p
   |     |        `- IntegerLiteral (5)
   |     |- AssignStmt
   |     |  |- [target]
   |     |  |  `- FieldAccess .y
   |     |  |     `- Identifier p
   |     |  `- [value]
   |     |     `- BinaryOperator -
   |     |        |- FieldAccess .y
   |     |        |  `- Identifier p
   |     |        `- IntegerLiteral (1)
   |     |- AssignStmt
   |     |  |- [target]
   |     |  |  `- FieldAccess .x
   |     |  |     `- Identifier p
   |     |  `- [value]
   |     |     `- BinaryOperator *
   |     |        |- FieldAccess .x
   |     |        |  `- Identifier p
   |     |        `- IntegerLiteral (2)
   |     |- VarDecl c : Car
   |     |- AssignStmt
   |     |  |- [target]
   |     |  |  `- FieldAccess .rpm
   |     |  |     `- FieldAccess .engine
   |     |  |        `- Identifier c
   |     |  `- [value]
   |     |     `- IntegerLiteral (4500)
   |     |- AssignStmt
   |     |  |- [target]
   |     |  |  `- FieldAccess .cylinders
   |     |  |     `- FieldAccess .engine
   |     |  |        `- Identifier c
   |     |  `- [value]
   |     |     `- IntegerLiteral (6)
   |     |- AssignStmt
   |     |  |- [target]
   |     |  |  `- FieldAccess .x
   |     |  |     `- FieldAccess .position
   |     |  |        `- Identifier c
   |     |  `- [value]
   |     |     `- IntegerLiteral (1)
   |     |- AssignStmt
   |     |  |- [target]
   |     |  |  `- FieldAccess .y
   |     |  |     `- FieldAccess .position
   |     |  |        `- Identifier c
   |     |  `- [value]
   |     |     `- IntegerLiteral (2)
   |     |- VarDecl car_ptr : Car*
   |     |- VarDecl c2 : Car*
   |     |  `- UnaryOperator &
   |     |     `- Identifier c
   |     |- VarDecl rpm : u16
   |     |  `- FieldAccess .rpm
   |     |     `- FieldAccess .engine
   |     |        `- Identifier c
   |     |- AssignStmt
   |     |  |- [target]
   |     |  |  `- FieldAccess .rpm
   |     |  |     `- FieldAccess .engine
   |     |  |        `- Identifier c
   |     |  `- [value]
   |     |     `- BinaryOperator +
   |     |        |- FieldAccess .rpm
   |     |        |  `- FieldAccess .engine
   |     |        |     `- Identifier c
   |     |        `- IntegerLiteral (100)
   |     |- AssignStmt
   |     |  |- [target]
   |     |  |  `- FieldAccess .x
   |     |  |     `- FieldAccess .position
   |     |  |        `- Identifier c
   |     |  `- [value]
   |     |     `- BinaryOperator +
   |     |        |- FieldAccess .x
   |     |        |  `- FieldAccess .position
   |     |        |     `- Identifier c
   |     |        `- FieldAccess .y
   |     |           `- FieldAccess .position
   |     |              `- Identifier c
   |     |- VarDecl sum : u8
   |     |  `- BinaryOperator +
   |     |     |- FieldAccess .x
   |     |     |  `- Identifier p
   |     |     `- FieldAccess .y
   |     |        `- Identifier p
   |     |- VarDecl cmp : u8
   |     |  `- BinaryOperator >
   |     |     |- FieldAccess .x
   |     |     |  `- Identifier p
   |     |     `- FieldAccess .y
   |     |        `- Identifier p
   |     |- VarDecl mixed : u8
   |     |  `- BinaryOperator |
   |     |     |- BinaryOperator &
   |     |     |  |- FieldAccess .x
   |     |     |  |  `- Identifier p
   |     |     |  `- IntegerLiteral (15)
   |     |     `- BinaryOperator <<
   |     |        |- FieldAccess .y
   |     |        |  `- Identifier p
   |     |        `- IntegerLiteral (4)
   |     |- CallExpr someFunc
   |     |  |- FieldAccess .x
   |     |  |  `- Identifier p
   |     |  `- FieldAccess .rpm
   |     |     `- FieldAccess .engine
   |     |        `- Identifier c
   |     |- VarDecl ptr : u8*
   |     |  `- UnaryOperator &
   |     |     `- Identifier a
   |     |- AssignStmt
   |     |  |- [target]
   |     |  |  `- PtrDeref *
   |     |  |     `- Identifier ptr
   |     |  `- [value]
   |     |     `- IntegerLiteral (99)
   |     |- AssignStmt
   |     |  |- [target]
   |     |  |  `- PtrDeref *
   |     |  |     `- Identifier ptr
   |     |  `- [value]
   |     |     `- BinaryOperator +
   |     |        |- PtrDeref *
   |     |        |  `- Identifier ptr
   |     |        `- IntegerLiteral (1)
   |     |- VarDecl cptr : Car*
   |     |  `- UnaryOperator &
   |     |     `- Identifier c
   |     |- VarDecl tagval : u8
   |     |  `- PtrDeref *
   |     |     `- FieldAccess .tag
   |     |        `- Identifier c
   |     |- IfStmt
   |     |  |- [cond]
   |     |  |  `- BinaryOperator >
   |     |  |     |- FieldAccess .x
   |     |  |     |  `- Identifier p
   |     |  |     `- IntegerLiteral (0)
   |     |  |- [then body]
   |     |  |  `- CompoundStmt
   |     |  |     `- AssignStmt
   |     |  |        |- [target]
   |     |  |        |  `- FieldAccess .x
   |     |  |        |     `- Identifier p
   |     |  |        `- [value]
   |     |  |           `- BinaryOperator -
   |     |  |              |- FieldAccess .x
   |     |  |              |  `- Identifier p
   |     |  |              `- IntegerLiteral (1)
   |     |     `- IfStmt
   |     |        |- [cond]
   |     |        |  `- BinaryOperator >
   |     |        |     |- FieldAccess .y
   |     |        |     |  `- Identifier p
   |     |        |     `- IntegerLiteral (0)
   |     |        |- [then body]
   |     |        |  `- CompoundStmt
   |     |        |     `- AssignStmt
   |     |        |        |- [target]
   |     |        |        |  `- FieldAccess .y
   |     |        |        |     `- Identifier p
   |     |        |        `- [value]
   |     |        |           `- BinaryOperator -
   |     |        |              |- FieldAccess .y
   |     |        |              |  `- Identifier p
   |     |        |              `- IntegerLiteral (1)
   |     |           `- CompoundStmt
   |     |              |- AssignStmt
   |     |              |  |- [target]
   |     |              |  |  `- FieldAccess .x
   |     |              |  |     `- Identifier p
   |     |              |  `- [value]
   |     |              |     `- IntegerLiteral (0)
   |     |              `- AssignStmt
   |     |                 |- [target]
   |     |                 |  `- FieldAccess .y
   |     |                 |     `- Identifier p
   |     |                 `- [value]
   |     |                    `- IntegerLiteral (0)
   |     |- WhileStmt
   |     |  |- [cond]
   |     |  |  `- BinaryOperator >
   |     |  |     |- FieldAccess .rpm
   |     |  |     |  `- FieldAccess .engine
   |     |  |     |     `- Identifier c
   |     |  |     `- IntegerLiteral (1000)
   |     |  `- [body]
   |     |     `- CompoundStmt
   |     |        `- AssignStmt
   |     |           |- [target]
   |     |           |  `- FieldAccess .rpm
   |     |           |     `- FieldAccess .engine
   |     |           |        `- Identifier c
   |     |           `- [value]
   |     |              `- BinaryOperator -
   |     |                 |- FieldAccess .rpm
   |     |                 |  `- FieldAccess .engine
   |     |                 |     `- Identifier c
   |     |                 `- IntegerLiteral (100)
   |     |- ForStmt
   |     |  |- [init]
   |     |  |  `- VarDecl i : u8
   |     |  |     `- IntegerLiteral (0)
   |     |  |- [cond]
   |     |  |  `- BinaryOperator <
   |     |  |     |- Identifier i
   |     |  |     `- IntegerLiteral (10)
   |     |  |- [step]
   |     |  |  `- AssignStmt
   |     |  |     |- [target]
   |     |  |     |  `- Identifier i
   |     |  |     `- [value]
   |     |  |        `- BinaryOperator +
   |     |  |           |- Identifier i
   |     |  |           `- IntegerLiteral (1)
   |     |  `- [body]
   |     |     `- CompoundStmt
   |     |        `- AssignStmt
   |     |           |- [target]
   |     |           |  `- FieldAccess .x
   |     |           |     `- FieldAccess .position
   |     |           |        `- Identifier c
   |     |           `- [value]
   |     |              `- BinaryOperator +
   |     |                 |- FieldAccess .x
   |     |                 |  `- FieldAccess .position
   |     |                 |     `- Identifier c
   |     |                 `- IntegerLiteral (1)
   |     |- StructDecl Local {u8 value}
   |     |- VarDecl l : Local
   |     |- AssignStmt
   |     |  |- [target]
   |     |  |  `- FieldAccess .value
   |     |  |     `- Identifier l
   |     |  `- [value]
   |     |     `- IntegerLiteral (42)
   |     `- ReturnStmt
   |- FunctionDecl someFunc(u8 v, u16 r) -> void
   |  `- CompoundStmt
   |     `- ReturnStmt
   |- ForwardDecl __heap_start : u16
   `- ForwardDecl __memory_top : u16
