[1;37mparser_bad_top_level.c02[0m:[1;37m1[0m:[1;37m1: [1;31merror: [0munexpected token
  =[1;34m expected: [0m[34mtop-level declaration (fn, decl, reg, struct, or a typed global variable)
[0m  =[1;34m context:  [0m[34mtop-level parse
[0m[1;34m1 |[0m while(1) {}
[1;34m  |[1;31m ^~~~~[0m
