Program [] [FunctionDecl (FuncDecl {funcName = "main", funcReturnType = Void, funcReturnPtrDepth = 0, isInterrupt = False, params = [], body = Just (Nested [LocVarDecl (VarDecl {varType = I8, ptrDepth = 0, declName = "a", declInit = Just (Cast I8 0 (IntLit 7))}),LocVarDecl (VarDecl {varType = I8, ptrDepth = 0, declName = "b", declInit = Just (Cast I8 0 (IntLit 10))}),LocVarDecl (VarDecl {varType = I8, ptrDepth = 0, declName = "x", declInit = Just (IntLit 0)}),LocVarDecl (VarDecl {varType = I8, ptrDepth = 0, declName = "c", declInit = Just (Binary Mul (Var "a") (Unary Negate (Var "b")))}),LocVarDecl (VarDecl {varType = I8, ptrDepth = 0, declName = "d", declInit = Just (Binary BitAnd (Var "a") (Unary BitNot (Var "b")))}),If [(Just (Binary Lt (Var "x") (Unary Negate (IntLit 1))),[Assign (Var "a") PlusEquals (Var "c")])]])})]
