Program [] [FunctionDecl (FuncDecl {funcName = "main", funcReturnType = Void, funcReturnPtrDepth = 0, isInterrupt = False, params = [], body = Just (Nested [LocVarDecl (VarDecl {varType = U8, ptrDepth = 0, declName = "x", declInit = Just (IntLit 0)}),Nested [LocVarDecl (VarDecl {varType = U8, ptrDepth = 0, declName = "y", declInit = Just (IntLit 1)}),Assign (Var "x") Equals (Var "y")],Nested [],Nested [LocVarDecl (VarDecl {varType = U8, ptrDepth = 0, declName = "a", declInit = Just (IntLit 1)}),Nested [LocVarDecl (VarDecl {varType = U8, ptrDepth = 0, declName = "b", declInit = Just (IntLit 2)}),Nested [Assign (Var "x") Equals (Binary Add (Var "a") (Var "b"))]]],Assign (Var "x") Equals (IntLit 5),Nested [Assign (Var "x") Equals (Binary Add (Var "x") (IntLit 1))],Return Nothing])})]
