Program [] [FwdFuncDecl (FuncDecl {funcName = "send_byte", funcReturnType = Void, funcReturnPtrDepth = 0, isInterrupt = False, params = [(U8,0,"b")], body = Nothing}),FwdVarDecl (VarDecl {varType = U8, ptrDepth = 0, declName = "counter", declInit = Nothing}),FunctionDecl (FuncDecl {funcName = "main", funcReturnType = Void, funcReturnPtrDepth = 0, isInterrupt = False, params = [], body = Just (Nested [])})]
