TopLevels [FunctionDecl (FuncDecl {funcName = "nmi", funcReturnType = Void, funcReturnPtrDepth = 0, isInterrupt = True, params = [], body = Just (Nested [Return Nothing])}),FunctionDecl (FuncDecl {funcName = "irq", funcReturnType = Void, funcReturnPtrDepth = 0, isInterrupt = True, params = [], body = Just (Nested [Return Nothing])}),FunctionDecl (FuncDecl {funcName = "main", funcReturnType = Void, funcReturnPtrDepth = 0, isInterrupt = False, params = [], body = Just (Nested [Return Nothing])})]
