TopLevels [RegisterDecl (RegDecl {regType = U8, regPtrDepth = 0, regName = "PORTB", declAddress = 24576}),RegisterDecl (RegDecl {regType = U8, regPtrDepth = 0, regName = "PORTA", declAddress = 24577}),RegisterDecl (RegDecl {regType = U8, regPtrDepth = 0, regName = "DDRB", declAddress = 24578}),RegisterDecl (RegDecl {regType = U8, regPtrDepth = 0, regName = "DDRA", declAddress = 24579}),FunctionDecl (FuncDecl {funcName = "main", funcReturnType = Void, funcReturnPtrDepth = 0, isInterrupt = False, params = [], body = Just (Nested [])})]
