Program [] [StructDef (StructDecl {structName = "Empty", structFields = []}),StructDef (StructDecl {structName = "AlsoEmpty", structFields = []}),FunctionDecl (FuncDecl {funcName = "main", funcReturnType = Void, funcReturnPtrDepth = 0, isInterrupt = False, params = [], body = Just (Nested [LocVarDecl (VarDecl {varType = StructName "Empty", ptrDepth = 0, declName = "e", declInit = Nothing}),LocVarDecl (VarDecl {varType = StructName "Empty", ptrDepth = 1, declName = "p", declInit = Just (Unary AddressOf (Var "e"))}),Return Nothing])})]
