TopLevels [StructDef (StructDecl {structName = "WithSemi", structFields = [(U8,0,"a"),(U16,0,"b")]}),StructDef (StructDecl {structName = "WithoutSemi", structFields = [(U8,0,"c")]}),FunctionDecl (FuncDecl {funcName = "main", funcReturnType = Void, funcReturnPtrDepth = 0, isInterrupt = False, params = [], body = Just (Nested [StructDeclStmt (StructDecl {structName = "LocalSemi", structFields = [(U8,0,"d")]}),LocVarDecl (VarDecl {varType = StructName "WithSemi", ptrDepth = 0, declName = "w", declInit = Nothing}),Assign (Field (Var "w") "a") Equals (IntLit 1),Assign (Field (Var "w") "b") Equals (IntLit 2)])})]
